03-10 17:05:22.417  1295  1373 V ShellRecents: RecentsTransitionHandler.startAnimation: no controller found
03-10 17:05:22.417  1295  1373 V ShellDesktopMode: DesktopMixedTransitionHandler: No pending desktop transition
03-10 17:05:22.417  1295  1373 V WindowManagerShell: Transition doesn't have explicit remote, search filters for match for {id=114 t=CLOSE f=0x10 trk=0 r=[0@Point(0, 0)] c=[{m=TO_FRONT f=SHOW_WALLPAPER|MOVE_TO_TOP leash=Surface(name=Task=1#44)/@0xb1f7fcc sb=Rect(0, 0 - 1080, 2400) eb=Rect(0, 0 - 1080, 2400) epz=Point(1080, 2400) d=0 taskParent=-1 winMode=1 userId=0},{m=CLOSE f=NONE leash=Surface(name=Task=23#908)/@0x921c215 sb=Rect(0, 0 - 1080, 2400) eb=Rect(0, 0 - 1080, 2400) epz=Point(1080, 2400) d=0 taskParent=-1 winMode=1 userId=0},{m=TO_FRONT f=IS_WALLPAPER leash=Surface(name=WallpaperWindowToken{15f8f5f}#56)/@0xdc0392a sb=Rect(0, 0 - 1080, 2400) eb=Rect(0, 0 - 1080, 2400) epz=Point(1080, 2400) d=0}]}
03-10 17:05:22.417  1295  1373 V WindowManagerShell:  Checking filter Pair{{types=[] flags=0x0] notFlags=0x0 checks=[{atype=undefined independent=true modes=[CLOSE,TO_BACK] flags=IN_TASK_WITH_EMBEDDED_ACTIVITY mustBeTask=false order=ANY topActivity=null launchCookie=null taskFragmentToken=android.os.BinderProxy@3cc5691 windowingMode=undefined isCrossDisplayMove=false}]} RemoteTransition { remoteTransition = android.window.IRemoteTransition$Stub$Proxy@58739f6, appThread = android.app.IApplicationThread$Stub$Proxy@880d1f7, debugName = overlayBackTransition }}
03-10 17:05:22.417  1295  1373 V WindowManagerShell:  Checking filter Pair{{types=[] flags=0x0] notFlags=0x0 checks=[{atype=dream independent=true modes=[OPEN,TO_FRONT] flags=NONE mustBeTask=false order=ANY topActivity=null launchCookie=null windowingMode=undefined isCrossDisplayMove=false},{atype=home independent=true modes=[CLOSE,TO_BACK] flags=NONE mustBeTask=false order=ANY topActivity=null launchCookie=null windowingMode=undefined isCrossDisplayMove=false}]} RemoteTransition { remoteTransition = android.window.IRemoteTransition$Stub$Proxy@adcd864, appThread = android.app.IApplicationThread$Stub$Proxy@b4ecacd, debugName = LauncherToDream }}
03-10 17:05:22.417  1295  1373 V WindowManagerShell:  Checking filter Pair{{types=[] flags=0x0] notFlags=0x100 checks=[{atype=home independent=true modes=[OPEN,TO_FRONT] flags=NONE mustBeTask=false order=TOP topActivity=ComponentInfo{com.google.android.apps.nexuslauncher/com.google.android.apps.nexuslauncher.NexusLauncherActivity} launchCookie=null windowingMode=undefined isCrossDisplayMove=false},{atype=standard independent=true modes=[CLOSE,TO_BACK] flags=NONE mustBeTask=false order=ANY topActivity=null launchCookie=null windowingMode=undefined isCrossDisplayMove=false},{NOT atype=undefined independent=true modes=[] flags=NONE mustBeTask=true order=ANY topActivity=null launchCookie=null customAnim=true windowingMode=undefined isCrossDisplayMove=false}]} RemoteTransition { remoteTransition = android.window.IRemoteTransition$Stub$Proxy@9e4ff82, appThread = android.app.IApplicationThread$Stub$Proxy@ce69693, debugName = QuickstepLaunchHome }}
03-10 17:05:22.417  1295  1373 D RemoteTransitionHandler: Found filterPair{{types=[] flags=0x0] notFlags=0x100 checks=[{atype=home independent=true modes=[OPEN,TO_FRONT] flags=NONE mustBeTask=false order=TOP topActivity=ComponentInfo{com.google.android.apps.nexuslauncher/com.google.android.apps.nexuslauncher.NexusLauncherActivity} launchCookie=null windowingMode=undefined isCrossDisplayMove=false},{atype=standard independent=true modes=[CLOSE,TO_BACK] flags=NONE mustBeTask=false order=ANY topActivity=null launchCookie=null windowingMode=undefined isCrossDisplayMove=false},{NOT atype=undefined independent=true modes=[] flags=NONE mustBeTask=true order=ANY topActivity=null launchCookie=null customAnim=true windowingMode=undefined isCrossDisplayMove=false}]} RemoteTransition { remoteTransition = android.window.IRemoteTransition$Stub$Proxy@9e4ff82, appThread = android.app.IApplicationThread$Stub$Proxy@ce69693, debugName = QuickstepLaunchHome }}
03-10 17:05:22.417  1295  1373 V WindowManagerShell:  Delegate animation for (#114) to RemoteTransition { remoteTransition = android.window.IRemoteTransition$Stub$Proxy@9e4ff82, appThread = android.app.IApplicationThread$Stub$Proxy@ce69693, debugName = QuickstepLaunchHome }
03-10 17:05:22.420  1595  1595 D SsBaseTemplateCard: Passed-in item info is null
03-10 17:05:22.420  1595  1595 D SsBaseTemplateCard: Passed-in item info is null
03-10 17:05:22.420  1595  1595 D SsBaseTemplateCard: Passed-in item info is null
03-10 17:05:22.420  1595  1595 D SsBaseTemplateCard: Passed-in item info is null
03-10 17:05:22.420  1595  1595 I SsBaseTemplateCard: Secondary card pane is null
03-10 17:05:22.424   777   814 V WindowManager: Sent Transition (#114) createdAt=03-10 17:05:22.345 via request=TransitionRequestInfo { type = CLOSE, triggerTask = TaskInfo{userId=0 taskId=23 effectiveUid=10227 displayId=0 isRunning=true baseIntent=Intent { flg=0x10000000 cmp=com.sujood.app/.MainActivity } baseActivity=ComponentInfo{com.sujood.app/com.sujood.app.MainActivity} topActivity=ComponentInfo{com.sujood.app/com.sujood.app.MainActivity} origActivity=null realActivity=ComponentInfo{com.sujood.app/com.sujood.app.MainActivity} numActivities=1 lastActiveTime=4954002 supportsMultiWindow=true resizeMode=1 isResizeable=true minWidth=-1 minHeight=-1 defaultMinSize=220 token=WCT{RemoteToken{2638d85 Task{3260d91 #23 type=standard A=10227:com.sujood.app}}} topActivityType=1 pictureInPictureParams=null shouldDockBigOverlays=false launchIntoPipHostTaskId=-1 lastParentTaskIdBeforePip=-1 displayCutoutSafeInsets=Rect(0, 0 - 0, 0) topActivityInfo=ActivityInfo{35ff7da com.sujood.app.MainActivity} launchCookies=[] positionInParent=Point(0, 0) parentTaskId=-1 isFocused=true isVisible=true isVisibleRequested=true isTopActivityNoDisplay=false isSleeping=false locusId=null displayAreaFeatureId=1 isTopActivityTransparent=false isActivityStackTransparent=false lastNonFullscreenBounds=null capturedLink=null capturedLinkTimestamp=0 requestedVisibleTypes=503 topActivityRequestOpenInBrowserEducationTimestamp=0 appCompatTaskInfo=AppCompatTaskInfo { topActivityInSizeCompat=false isLeafTask= true eligibleForLetterboxEducation= false isLetterboxEducationEnabled= true isLetterboxDoubleTapEnabled= false eligibleForUserAspectRatioButton= false topActivityBoundsLetterboxed= false isFromLetterboxDoubleTap= false topActivityLetterboxVerticalPosition= -1 topActivityLetterboxHorizontalPosition= -1 topActivityLetterboxWidth=-1 topActivityLetterboxHeight=-1 topActivityAppBounds=Rect(0, 0 - 1080, 2274) isUserFullscreenOverrideEnabled=false isSystemFullscreenOverrideEnabled=false hasMinAspectRatioOverride=false topActivityLetterboxBounds=null cameraCompatTaskInfo=CameraCompatTaskInfo { cameraCompatMode=undefinedundefined} topNonResizableActivityAspectRatio=-1.0} topActivityMainWindowFrame=null isAppBubble=false}, pipChange = null, remoteTransition = null, displayChange = null, requestedLocation = null, userChange = null, windowingLayerChange = null, flags = 16, debugId = 114 }
03-10 17:05:22.424   777   814 V WindowManager:     startWCT=WindowContainerTransaction { changes= {} hops= [] errorCallbackToken=null taskFragmentOrganizer=null }
03-10 17:05:22.424   777   814 V WindowManager:     info={id=114 t=CLOSE f=0x10 trk=0 r=[0@Point(0, 0)] c=[
03-10 17:05:22.424   777   814 V WindowManager:         {WCT{RemoteToken{6e90398 Task{221e61a #1 type=home}}} m=TO_FRONT f=SHOW_WALLPAPER|MOVE_TO_TOP leash=Surface(name=Task=1#44)/@0xe915940 sb=Rect(0, 0 - 1080, 2400) eb=Rect(0, 0 - 1080, 2400) epz=Point(1080, 2400) d=0 taskParent=-1 winMode=1 userId=0},
03-10 17:05:22.424   777   814 V WindowManager:         {WCT{RemoteToken{2638d85 Task{3260d91 #23 type=standard A=10227:com.sujood.app}}} m=CLOSE f=NONE leash=Surface(name=Task=23#908)/@0x40ef7ef sb=Rect(0, 0 - 1080, 2400) eb=Rect(0, 0 - 1080, 2400) epz=Point(1080, 2400) d=0 taskParent=-1 winMode=1 userId=0},
03-10 17:05:22.424   777   814 V WindowManager:         {m=TO_FRONT f=IS_WALLPAPER leash=Surface(name=WallpaperWindowToken{15f8f5f}#56)/@0x5588072 sb=Rect(0, 0 - 1080, 2400) eb=Rect(0, 0 - 1080, 2400) epz=Point(1080, 2400) d=0}
03-10 17:05:22.424   777   814 V WindowManager:     ]}
03-10 17:05:22.426  1595  1595 D LauncherStateManager: StateManager.createAtomicAnimation: fromState: Normal, toState: Normal, partial trace:
03-10 17:05:22.426  1595  1595 D LauncherStateManager: 	at com.android.quickstep.util.ScalingWorkspaceRevealAnim.<init>(go/retraceme f3a19d912c87c27267cfbc05ba0bc7b202ab72a6648bd76225f5f7e128d94583:54)
03-10 17:05:22.426  1595  1595 D LauncherStateManager: 	at com.android.launcher3.QuickstepTransitionManager.createWallpaperOpenAnimations(go/retraceme f3a19d912c87c27267cfbc05ba0bc7b202ab72a6648bd76225f5f7e128d94583:537)
03-10 17:05:22.426  1595  1595 D LauncherStateManager: 	at com.android.launcher3.QuickstepTransitionManager$WallpaperOpenLauncherAnimationRunner.onAnimationStart(go/retraceme f3a19d912c87c27267cfbc05ba0bc7b202ab72a6648bd76225f5f7e128d94583:96)
03-10 17:05:22.426  1595  1595 D AllAppsTransitionController: shouldProtectHeader: false skipScrim: true state: Normal stateManager.getState(): Normal
03-10 17:05:22.426  1595  1595 D KeyboardInsetsHandler: removePendingImeController: pendingImeController=null
03-10 17:05:22.427  1595  1595 V BaseDepthController: Applying blur: 0 to Surface(name=com.google.android.apps.nexuslauncher/com.google.android.apps.nexuslauncher.NexusLauncherActivity#923)/@0xc7ffcc1 applyImmediately: false
03-10 17:05:22.427  1595  1595 D BaseDepthController: shouldBlurWorkspace: false targetState: Normal currentStableState: Normal mCurrentBlur: 0 mLauncher.getDepthBlurTargets(): [com.android.launcher3.Workspace{fc79c66 V.ED..... ......ID 0,0-1080,2400 #7f0a049d app:id/workspace}, com.android.launcher3.Hotseat{688dba7 V.ED..... ........ 0,1905-1080,2400 #7f0a01ee app:id/hotseat}]
03-10 17:05:22.427  1295  1373 V WindowManagerShell:  animated by com.android.wm.shell.transition.RemoteTransitionHandler@fee84b2
03-10 17:05:22.427  1295  1373 D Bubbles : onLocusVisibilityChanged=Overview|DISABLED visible=true taskId=1
03-10 17:05:22.428  1595  1595 V BaseDepthController: Applying blur: 0 to Surface(name=com.google.android.apps.nexuslauncher/com.google.android.apps.nexuslauncher.NexusLauncherActivity#923)/@0xc7ffcc1 applyImmediately: false
03-10 17:05:22.428  1595  1595 D BaseDepthController: shouldBlurWorkspace: false targetState: Normal currentStableState: Normal mCurrentBlur: 0 mLauncher.getDepthBlurTargets(): [com.android.launcher3.Workspace{fc79c66 V.ED..... ......ID 0,0-1080,2400 #7f0a049d app:id/workspace}, com.android.launcher3.Hotseat{688dba7 V.ED..... ........ 0,1905-1080,2400 #7f0a01ee app:id/hotseat}]
03-10 17:05:22.428  1595  1595 D LauncherStateManager: StateManager.cancelAnimation: animation ongoing: false, partial trace:
03-10 17:05:22.428  1595  1595 D LauncherStateManager: 	at com.android.launcher3.statemanager.StateManager.setCurrentAnimation(go/retraceme f3a19d912c87c27267cfbc05ba0bc7b202ab72a6648bd76225f5f7e128d94583:18)
03-10 17:05:22.428  1595  1595 D LauncherStateManager: 	at com.android.launcher3.QuickstepTransitionManager.createWallpaperOpenAnimations(go/retraceme f3a19d912c87c27267cfbc05ba0bc7b202ab72a6648bd76225f5f7e128d94583:646)
03-10 17:05:22.428  1595  1595 D LauncherStateManager: 	at com.android.launcher3.QuickstepTransitionManager$WallpaperOpenLauncherAnimationRunner.onAnimationStart(go/retraceme f3a19d912c87c27267cfbc05ba0bc7b202ab72a6648bd76225f5f7e128d94583:96)
03-10 17:05:22.428  1595  1595 D b/311077782: LauncherAnimationRunner.setAnimation
03-10 17:05:22.428  1595  1595 V BaseDepthController: Applying blur: 0 to Surface(name=com.google.android.apps.nexuslauncher/com.google.android.apps.nexuslauncher.NexusLauncherActivity#923)/@0xc7ffcc1 applyImmediately: false
03-10 17:05:22.428  1595  1595 D BaseDepthController: shouldBlurWorkspace: false targetState: Normal currentStableState: Normal mCurrentBlur: 0 mLauncher.getDepthBlurTargets(): [com.android.launcher3.Workspace{fc79c66 V.ED..... ......ID 0,0-1080,2400 #7f0a049d app:id/workspace}, com.android.launcher3.Hotseat{688dba7 V.ED..... ......ID 0,1905-1080,2400 #7f0a01ee app:id/hotseat}]
03-10 17:05:22.428  1595  1595 V BaseDepthController: Applying blur: 0 to Surface(name=com.google.android.apps.nexuslauncher/com.google.android.apps.nexuslauncher.NexusLauncherActivity#923)/@0xc7ffcc1 applyImmediately: false
03-10 17:05:22.428  1595  1595 D BaseDepthController: shouldBlurWorkspace: false targetState: Normal currentStableState: Normal mCurrentBlur: 0 mLauncher.getDepthBlurTargets(): [com.android.launcher3.Workspace{fc79c66 V.ED..... ......ID 0,0-1080,2400 #7f0a049d app:id/workspace}, com.android.launcher3.Hotseat{688dba7 V.ED..... ......ID 0,1905-1080,2400 #7f0a01ee app:id/hotseat}]
03-10 17:05:22.429  1595  1595 V BaseDepthController: Applying blur: 0 to Surface(name=com.google.android.apps.nexuslauncher/com.google.android.apps.nexuslauncher.NexusLauncherActivity#923)/@0xc7ffcc1 applyImmediately: false
03-10 17:05:22.429  1595  1595 D BaseDepthController: shouldBlurWorkspace: false targetState: Normal currentStableState: Normal mCurrentBlur: 0 mLauncher.getDepthBlurTargets(): [com.android.launcher3.Workspace{fc79c66 V.ED..... ......ID 0,0-1080,2400 #7f0a049d app:id/workspace}, com.android.launcher3.Hotseat{688dba7 V.ED..... ......ID 0,1905-1080,2400 #7f0a01ee app:id/hotseat}]
03-10 17:05:22.430  1595  1595 V BaseDepthController: Applying blur: 0 to Surface(name=com.google.android.apps.nexuslauncher/com.google.android.apps.nexuslauncher.NexusLauncherActivity#923)/@0xc7ffcc1 applyImmediately: false
03-10 17:05:22.430  1595  1595 D BaseDepthController: shouldBlurWorkspace: false targetState: Normal currentStableState: Normal mCurrentBlur: 0 mLauncher.getDepthBlurTargets(): [com.android.launcher3.Workspace{fc79c66 V.ED..... ......ID 0,0-1080,2400 #7f0a049d app:id/workspace}, com.android.launcher3.Hotseat{688dba7 V.ED..... ......ID 0,1905-1080,2400 #7f0a01ee app:id/hotseat}]
03-10 17:05:22.430  1595  1595 V BaseDepthController: Applying blur: 0 to Surface(name=com.google.android.apps.nexuslauncher/com.google.android.apps.nexuslauncher.NexusLauncherActivity#923)/@0xc7ffcc1 applyImmediately: false
03-10 17:05:22.430  1595  1595 D BaseDepthController: shouldBlurWorkspace: false targetState: Normal currentStableState: Normal mCurrentBlur: 0 mLauncher.getDepthBlurTargets(): [com.android.launcher3.Workspace{fc79c66 V.ED..... ......ID 0,0-1080,2400 #7f0a049d app:id/workspace}, com.android.launcher3.Hotseat{688dba7 V.ED..... ......ID 0,1905-1080,2400 #7f0a01ee app:id/hotseat}]
03-10 17:05:22.436  1595  1595 D BaseActivity: Launcher flags updated: [state_started|state_resumed|state_deferred_resumed|state_window_focused|state_user_active] +[state_window_focused]
03-10 17:05:22.442   777   969 I ImeTracker: com.google.android.apps.nexuslauncher:9a7cc5c7: onRequestHide at ORIGIN_SERVER reason HIDE_UNSPECIFIED_WINDOW fromUser false
03-10 17:05:22.442  1595  1595 D InsetsController: hide(ime())
03-10 17:05:22.443  1595  1595 I ImeTracker: com.google.android.apps.nexuslauncher:9a7cc5c7: onCancelled at PHASE_CLIENT_ALREADY_HIDDEN
03-10 17:05:22.444  8264  8264 I GoogleInputMethodService: GoogleInputMethodService.onFinishInput():2057 
03-10 17:05:22.445  8264  8264 I Module  : DeviceLockedStatusModuleProvider$Module.updateDeviceLockedStatus():100 repeatCheckTimes = 0, locked = false
03-10 17:05:22.445   777  1614 I ImeTracker: system_server:ef4ad8af: onRequestHide at ORIGIN_SERVER reason IME_REQUESTED_CHANGED_LISTENER fromUser false
03-10 17:05:22.445  8264  8264 I GoogleInputMethodService: GoogleInputMethodService.onStartInput():1318 onStartInput(EditorInfo{EditorInfo{packageName=com.google.android.apps.nexuslauncher, inputType=0, inputTypeString=NULL, enableLearning=false, autoCorrection=false, autoComplete=false, imeOptions=0, privateImeOptions=null, actionName=UNSPECIFIED, actionLabel=null, initialSelStart=-1, initialSelEnd=-1, initialCapsMode=0, label=null, fieldId=0, fieldName=null, extras=null, hintText=null, hintLocales=[]}}, false)
03-10 17:05:22.446   777   818 I ImeTracker: system_server:ef4ad8af: onCancelled at PHASE_SERVER_SHOULD_HIDE
03-10 17:05:22.446  8264  8264 I Module  : DeviceLockedStatusModuleProvider$Module.updateDeviceLockedStatus():100 repeatCheckTimes = 1, locked = false
03-10 17:05:22.447   777  1614 W PackageConfigPersister: App-specific configuration not found for packageName: com.google.android.apps.nexuslauncher and userId: 0
03-10 17:05:22.452  1595  1595 V BaseDepthController: Applying blur: 0 to Surface(name=com.google.android.apps.nexuslauncher/com.google.android.apps.nexuslauncher.NexusLauncherActivity#923)/@0xc7ffcc1 applyImmediately: false
03-10 17:05:22.452  1595  1595 D BaseDepthController: shouldBlurWorkspace: false targetState: Normal currentStableState: Normal mCurrentBlur: 0 mLauncher.getDepthBlurTargets(): [com.android.launcher3.Workspace{fc79c66 V.ED..... ........ 0,0-1080,2400 #7f0a049d app:id/workspace}, com.android.launcher3.Hotseat{688dba7 V.ED..... .......D 0,1905-1080,2400 #7f0a01ee app:id/hotseat}]
03-10 17:05:22.468  1595  1595 V BaseDepthController: Applying blur: 0 to Surface(name=com.google.android.apps.nexuslauncher/com.google.android.apps.nexuslauncher.NexusLauncherActivity#923)/@0xc7ffcc1 applyImmediately: false
03-10 17:05:22.468  1595  1595 D BaseDepthController: shouldBlurWorkspace: false targetState: Normal currentStableState: Normal mCurrentBlur: 0 mLauncher.getDepthBlurTargets(): [com.android.launcher3.Workspace{fc79c66 V.ED..... ........ 0,0-1080,2400 #7f0a049d app:id/workspace}, com.android.launcher3.Hotseat{688dba7 V.ED..... .......D 0,1905-1080,2400 #7f0a01ee app:id/hotseat}]
03-10 17:05:22.470   563   563 I RanchuHwc: logCompositionFallbackIfChanged: layer 182 CompositionType fallback from 2 to 1
03-10 17:05:22.470   563   563 I RanchuHwc: logCompositionFallbackIfChanged: layer 183 CompositionType fallback from 2 to 1
03-10 17:05:22.484  1595  1595 V BaseDepthController: Applying blur: 0 to Surface(name=com.google.android.apps.nexuslauncher/com.google.android.apps.nexuslauncher.NexusLauncherActivity#923)/@0xc7ffcc1 applyImmediately: false
03-10 17:05:22.485  1595  1595 D BaseDepthController: shouldBlurWorkspace: false targetState: Normal currentStableState: Normal mCurrentBlur: 0 mLauncher.getDepthBlurTargets(): [com.android.launcher3.Workspace{fc79c66 V.ED..... ........ 0,0-1080,2400 #7f0a049d app:id/workspace}, com.android.launcher3.Hotseat{688dba7 V.ED..... ........ 0,1905-1080,2400 #7f0a01ee app:id/hotseat}]
03-10 17:05:22.501  1595  1595 V BaseDepthController: Applying blur: 0 to Surface(name=com.google.android.apps.nexuslauncher/com.google.android.apps.nexuslauncher.NexusLauncherActivity#923)/@0xc7ffcc1 applyImmediately: false
03-10 17:05:22.501  1595  1595 D BaseDepthController: shouldBlurWorkspace: false targetState: Normal currentStableState: Normal mCurrentBlur: 0 mLauncher.getDepthBlurTargets(): [com.android.launcher3.Workspace{fc79c66 V.ED..... ........ 0,0-1080,2400 #7f0a049d app:id/workspace}, com.android.launcher3.Hotseat{688dba7 V.ED..... ........ 0,1905-1080,2400 #7f0a01ee app:id/hotseat}]
03-10 17:05:22.518  1595  1595 V BaseDepthController: Applying blur: 0 to Surface(name=com.google.android.apps.nexuslauncher/com.google.android.apps.nexuslauncher.NexusLauncherActivity#923)/@0xc7ffcc1 applyImmediately: false
03-10 17:05:22.518  1595  1595 D BaseDepthController: shouldBlurWorkspace: false targetState: Normal currentStableState: Normal mCurrentBlur: 0 mLauncher.getDepthBlurTargets(): [com.android.launcher3.Workspace{fc79c66 V.ED..... ........ 0,0-1080,2400 #7f0a049d app:id/workspace}, com.android.launcher3.Hotseat{688dba7 V.ED..... ........ 0,1905-1080,2400 #7f0a01ee app:id/hotseat}]
03-10 17:05:22.535  1595  1595 V BaseDepthController: Applying blur: 0 to Surface(name=com.google.android.apps.nexuslauncher/com.google.android.apps.nexuslauncher.NexusLauncherActivity#923)/@0xc7ffcc1 applyImmediately: false
03-10 17:05:22.535  1595  1595 D BaseDepthController: shouldBlurWorkspace: false targetState: Normal currentStableState: Normal mCurrentBlur: 0 mLauncher.getDepthBlurTargets(): [com.android.launcher3.Workspace{fc79c66 V.ED..... ........ 0,0-1080,2400 #7f0a049d app:id/workspace}, com.android.launcher3.Hotseat{688dba7 V.ED..... ........ 0,1905-1080,2400 #7f0a01ee app:id/hotseat}]
03-10 17:05:22.552  1595  1595 V BaseDepthController: Applying blur: 0 to Surface(name=com.google.android.apps.nexuslauncher/com.google.android.apps.nexuslauncher.NexusLauncherActivity#923)/@0xc7ffcc1 applyImmediately: false
03-10 17:05:22.552  1595  1595 D BaseDepthController: shouldBlurWorkspace: false targetState: Normal currentStableState: Normal mCurrentBlur: 0 mLauncher.getDepthBlurTargets(): [com.android.launcher3.Workspace{fc79c66 V.ED..... ........ 0,0-1080,2400 #7f0a049d app:id/workspace}, com.android.launcher3.Hotseat{688dba7 V.ED..... ........ 0,1905-1080,2400 #7f0a01ee app:id/hotseat}]
03-10 17:05:22.568  1595  1595 V BaseDepthController: Applying blur: 0 to Surface(name=com.google.android.apps.nexuslauncher/com.google.android.apps.nexuslauncher.NexusLauncherActivity#923)/@0xc7ffcc1 applyImmediately: false
03-10 17:05:22.568  1595  1595 D BaseDepthController: shouldBlurWorkspace: false targetState: Normal currentStableState: Normal mCurrentBlur: 0 mLauncher.getDepthBlurTargets(): [com.android.launcher3.Workspace{fc79c66 V.ED..... ........ 0,0-1080,2400 #7f0a049d app:id/workspace}, com.android.launcher3.Hotseat{688dba7 V.ED..... ........ 0,1905-1080,2400 #7f0a01ee app:id/hotseat}]
03-10 17:05:22.586  1595  1595 V BaseDepthController: Applying blur: 0 to Surface(name=com.google.android.apps.nexuslauncher/com.google.android.apps.nexuslauncher.NexusLauncherActivity#923)/@0xc7ffcc1 applyImmediately: false
03-10 17:05:22.586  1595  1595 D BaseDepthController: shouldBlurWorkspace: false targetState: Normal currentStableState: Normal mCurrentBlur: 0 mLauncher.getDepthBlurTargets(): [com.android.launcher3.Workspace{fc79c66 V.ED..... ........ 0,0-1080,2400 #7f0a049d app:id/workspace}, com.android.launcher3.Hotseat{688dba7 V.ED..... ........ 0,1905-1080,2400 #7f0a01ee app:id/hotseat}]
03-10 17:05:22.601  1595  1595 V BaseDepthController: Applying blur: 0 to Surface(name=com.google.android.apps.nexuslauncher/com.google.android.apps.nexuslauncher.NexusLauncherActivity#923)/@0xc7ffcc1 applyImmediately: false
03-10 17:05:22.601  1595  1595 D BaseDepthController: shouldBlurWorkspace: false targetState: Normal currentStableState: Normal mCurrentBlur: 0 mLauncher.getDepthBlurTargets(): [com.android.launcher3.Workspace{fc79c66 V.ED..... ........ 0,0-1080,2400 #7f0a049d app:id/workspace}, com.android.launcher3.Hotseat{688dba7 V.ED..... ........ 0,1905-1080,2400 #7f0a01ee app:id/hotseat}]
03-10 17:05:22.618  1595  1595 V BaseDepthController: Applying blur: 0 to Surface(name=com.google.android.apps.nexuslauncher/com.google.android.apps.nexuslauncher.NexusLauncherActivity#923)/@0xc7ffcc1 applyImmediately: false
03-10 17:05:22.618  1595  1595 D BaseDepthController: shouldBlurWorkspace: false targetState: Normal currentStableState: Normal mCurrentBlur: 0 mLauncher.getDepthBlurTargets(): [com.android.launcher3.Workspace{fc79c66 V.ED..... ........ 0,0-1080,2400 #7f0a049d app:id/workspace}, com.android.launcher3.Hotseat{688dba7 V.ED..... ........ 0,1905-1080,2400 #7f0a01ee app:id/hotseat}]
03-10 17:05:22.635  1595  1595 V BaseDepthController: Applying blur: 0 to Surface(name=com.google.android.apps.nexuslauncher/com.google.android.apps.nexuslauncher.NexusLauncherActivity#923)/@0xc7ffcc1 applyImmediately: false
03-10 17:05:22.635  1595  1595 D BaseDepthController: setEarlyWakeup: true
03-10 17:05:22.635  1595  1595 D BaseDepthController: shouldBlurWorkspace: false targetState: Normal currentStableState: Normal mCurrentBlur: 0 mLauncher.getDepthBlurTargets(): [com.android.launcher3.Workspace{fc79c66 V.ED..... ........ 0,0-1080,2400 #7f0a049d app:id/workspace}, com.android.launcher3.Hotseat{688dba7 V.ED..... ........ 0,1905-1080,2400 #7f0a01ee app:id/hotseat}]
03-10 17:05:22.652  1595  1595 V BaseDepthController: Applying blur: 0 to Surface(name=com.google.android.apps.nexuslauncher/com.google.android.apps.nexuslauncher.NexusLauncherActivity#923)/@0xc7ffcc1 applyImmediately: false
03-10 17:05:22.652  1595  1595 D BaseDepthController: shouldBlurWorkspace: false targetState: Normal currentStableState: Normal mCurrentBlur: 0 mLauncher.getDepthBlurTargets(): [com.android.launcher3.Workspace{fc79c66 V.ED..... ........ 0,0-1080,2400 #7f0a049d app:id/workspace}, com.android.launcher3.Hotseat{688dba7 V.ED..... ........ 0,1905-1080,2400 #7f0a01ee app:id/hotseat}]
03-10 17:05:22.668  1595  1595 V BaseDepthController: Applying blur: 0 to Surface(name=com.google.android.apps.nexuslauncher/com.google.android.apps.nexuslauncher.NexusLauncherActivity#923)/@0xc7ffcc1 applyImmediately: false
03-10 17:05:22.669  1595  1595 D BaseDepthController: shouldBlurWorkspace: false targetState: Normal currentStableState: Normal mCurrentBlur: 0 mLauncher.getDepthBlurTargets(): [com.android.launcher3.Workspace{fc79c66 V.ED..... ........ 0,0-1080,2400 #7f0a049d app:id/workspace}, com.android.launcher3.Hotseat{688dba7 V.ED..... ........ 0,1905-1080,2400 #7f0a01ee app:id/hotseat}]
03-10 17:05:22.685  1595  1595 V BaseDepthController: Applying blur: 0 to Surface(name=com.google.android.apps.nexuslauncher/com.google.android.apps.nexuslauncher.NexusLauncherActivity#923)/@0xc7ffcc1 applyImmediately: false
03-10 17:05:22.685  1595  1595 D BaseDepthController: shouldBlurWorkspace: false targetState: Normal currentStableState: Normal mCurrentBlur: 0 mLauncher.getDepthBlurTargets(): [com.android.launcher3.Workspace{fc79c66 V.ED..... ........ 0,0-1080,2400 #7f0a049d app:id/workspace}, com.android.launcher3.Hotseat{688dba7 V.ED..... ........ 0,1905-1080,2400 #7f0a01ee app:id/hotseat}]
03-10 17:05:22.702  1595  1595 V BaseDepthController: Applying blur: 0 to Surface(name=com.google.android.apps.nexuslauncher/com.google.android.apps.nexuslauncher.NexusLauncherActivity#923)/@0xc7ffcc1 applyImmediately: false
03-10 17:05:22.702  1595  1595 D BaseDepthController: shouldBlurWorkspace: false targetState: Normal currentStableState: Normal mCurrentBlur: 0 mLauncher.getDepthBlurTargets(): [com.android.launcher3.Workspace{fc79c66 V.ED..... ........ 0,0-1080,2400 #7f0a049d app:id/workspace}, com.android.launcher3.Hotseat{688dba7 V.ED..... ........ 0,1905-1080,2400 #7f0a01ee app:id/hotseat}]
03-10 17:05:22.718  1595  1595 V BaseDepthController: Applying blur: 0 to Surface(name=com.google.android.apps.nexuslauncher/com.google.android.apps.nexuslauncher.NexusLauncherActivity#923)/@0xc7ffcc1 applyImmediately: false
03-10 17:05:22.718  1595  1595 D BaseDepthController: shouldBlurWorkspace: false targetState: Normal currentStableState: Normal mCurrentBlur: 0 mLauncher.getDepthBlurTargets(): [com.android.launcher3.Workspace{fc79c66 V.ED..... ........ 0,0-1080,2400 #7f0a049d app:id/workspace}, com.android.launcher3.Hotseat{688dba7 V.ED..... ........ 0,1905-1080,2400 #7f0a01ee app:id/hotseat}]
03-10 17:05:22.735  1595  1595 V BaseDepthController: Applying blur: 0 to Surface(name=com.google.android.apps.nexuslauncher/com.google.android.apps.nexuslauncher.NexusLauncherActivity#923)/@0xc7ffcc1 applyImmediately: false
03-10 17:05:22.735  1595  1595 D BaseDepthController: shouldBlurWorkspace: false targetState: Normal currentStableState: Normal mCurrentBlur: 0 mLauncher.getDepthBlurTargets(): [com.android.launcher3.Workspace{fc79c66 V.ED..... ........ 0,0-1080,2400 #7f0a049d app:id/workspace}, com.android.launcher3.Hotseat{688dba7 V.ED..... ........ 0,1905-1080,2400 #7f0a01ee app:id/hotseat}]
03-10 17:05:22.751  1595  1595 V BaseDepthController: Applying blur: 0 to Surface(name=com.google.android.apps.nexuslauncher/com.google.android.apps.nexuslauncher.NexusLauncherActivity#923)/@0xc7ffcc1 applyImmediately: false
03-10 17:05:22.751  1595  1595 D BaseDepthController: shouldBlurWorkspace: false targetState: Normal currentStableState: Normal mCurrentBlur: 0 mLauncher.getDepthBlurTargets(): [com.android.launcher3.Workspace{fc79c66 V.ED..... ........ 0,0-1080,2400 #7f0a049d app:id/workspace}, com.android.launcher3.Hotseat{688dba7 V.ED..... ........ 0,1905-1080,2400 #7f0a01ee app:id/hotseat}]
03-10 17:05:22.768  1595  1595 V BaseDepthController: Applying blur: 0 to Surface(name=com.google.android.apps.nexuslauncher/com.google.android.apps.nexuslauncher.NexusLauncherActivity#923)/@0xc7ffcc1 applyImmediately: false
03-10 17:05:22.768  1595  1595 D BaseDepthController: shouldBlurWorkspace: false targetState: Normal currentStableState: Normal mCurrentBlur: 0 mLauncher.getDepthBlurTargets(): [com.android.launcher3.Workspace{fc79c66 V.ED..... ........ 0,0-1080,2400 #7f0a049d app:id/workspace}, com.android.launcher3.Hotseat{688dba7 V.ED..... ........ 0,1905-1080,2400 #7f0a01ee app:id/hotseat}]
03-10 17:05:22.785  1595  1595 V BaseDepthController: Applying blur: 0 to Surface(name=com.google.android.apps.nexuslauncher/com.google.android.apps.nexuslauncher.NexusLauncherActivity#923)/@0xc7ffcc1 applyImmediately: false
03-10 17:05:22.785  1595  1595 D BaseDepthController: shouldBlurWorkspace: false targetState: Normal currentStableState: Normal mCurrentBlur: 0 mLauncher.getDepthBlurTargets(): [com.android.launcher3.Workspace{fc79c66 V.ED..... ........ 0,0-1080,2400 #7f0a049d app:id/workspace}, com.android.launcher3.Hotseat{688dba7 V.ED..... ........ 0,1905-1080,2400 #7f0a01ee app:id/hotseat}]
03-10 17:05:22.802  1595  1595 V BaseDepthController: Applying blur: 0 to Surface(name=com.google.android.apps.nexuslauncher/com.google.android.apps.nexuslauncher.NexusLauncherActivity#923)/@0xc7ffcc1 applyImmediately: false
03-10 17:05:22.802  1595  1595 D BaseDepthController: shouldBlurWorkspace: false targetState: Normal currentStableState: Normal mCurrentBlur: 0 mLauncher.getDepthBlurTargets(): [com.android.launcher3.Workspace{fc79c66 V.ED..... ........ 0,0-1080,2400 #7f0a049d app:id/workspace}, com.android.launcher3.Hotseat{688dba7 V.ED..... ........ 0,1905-1080,2400 #7f0a01ee app:id/hotseat}]
03-10 17:05:22.818  1595  1595 V BaseDepthController: Applying blur: 0 to Surface(name=com.google.android.apps.nexuslauncher/com.google.android.apps.nexuslauncher.NexusLauncherActivity#923)/@0xc7ffcc1 applyImmediately: false
03-10 17:05:22.818  1595  1595 D BaseDepthController: shouldBlurWorkspace: false targetState: Normal currentStableState: Normal mCurrentBlur: 0 mLauncher.getDepthBlurTargets(): [com.android.launcher3.Workspace{fc79c66 V.ED..... ........ 0,0-1080,2400 #7f0a049d app:id/workspace}, com.android.launcher3.Hotseat{688dba7 V.ED..... ........ 0,1905-1080,2400 #7f0a01ee app:id/hotseat}]
03-10 17:05:22.835  1595  1595 V BaseDepthController: Applying blur: 0 to Surface(name=com.google.android.apps.nexuslauncher/com.google.android.apps.nexuslauncher.NexusLauncherActivity#923)/@0xc7ffcc1 applyImmediately: false
03-10 17:05:22.836  1595  1595 D BaseDepthController: shouldBlurWorkspace: false targetState: Normal currentStableState: Normal mCurrentBlur: 0 mLauncher.getDepthBlurTargets(): [com.android.launcher3.Workspace{fc79c66 V.ED..... ........ 0,0-1080,2400 #7f0a049d app:id/workspace}, com.android.launcher3.Hotseat{688dba7 V.ED..... ........ 0,1905-1080,2400 #7f0a01ee app:id/hotseat}]
03-10 17:05:22.847   777   818 W ActivityTaskManager: Activity top resumed state loss timeout for ActivityRecord{79174584 u0 com.sujood.app/.MainActivity t23 f} isExiting}
03-10 17:05:22.851  1595  1595 V BaseDepthController: Applying blur: 0 to Surface(name=com.google.android.apps.nexuslauncher/com.google.android.apps.nexuslauncher.NexusLauncherActivity#923)/@0xc7ffcc1 applyImmediately: false
03-10 17:05:22.851  1595  1595 D BaseDepthController: shouldBlurWorkspace: false targetState: Normal currentStableState: Normal mCurrentBlur: 0 mLauncher.getDepthBlurTargets(): [com.android.launcher3.Workspace{fc79c66 V.ED..... ........ 0,0-1080,2400 #7f0a049d app:id/workspace}, com.android.launcher3.Hotseat{688dba7 V.ED..... ........ 0,1905-1080,2400 #7f0a01ee app:id/hotseat}]
03-10 17:05:22.868  1595  1595 V BaseDepthController: Applying blur: 0 to Surface(name=com.google.android.apps.nexuslauncher/com.google.android.apps.nexuslauncher.NexusLauncherActivity#923)/@0xc7ffcc1 applyImmediately: false
03-10 17:05:22.868  1595  1595 D BaseDepthController: shouldBlurWorkspace: false targetState: Normal currentStableState: Normal mCurrentBlur: 0 mLauncher.getDepthBlurTargets(): [com.android.launcher3.Workspace{fc79c66 V.ED..... ........ 0,0-1080,2400 #7f0a049d app:id/workspace}, com.android.launcher3.Hotseat{688dba7 V.ED..... ........ 0,1905-1080,2400 #7f0a01ee app:id/hotseat}]
03-10 17:05:22.885  1595  1595 V BaseDepthController: Applying blur: 0 to Surface(name=com.google.android.apps.nexuslauncher/com.google.android.apps.nexuslauncher.NexusLauncherActivity#923)/@0xc7ffcc1 applyImmediately: false
03-10 17:05:22.885  1595  1595 D BaseDepthController: shouldBlurWorkspace: false targetState: Normal currentStableState: Normal mCurrentBlur: 0 mLauncher.getDepthBlurTargets(): [com.android.launcher3.Workspace{fc79c66 V.ED..... ........ 0,0-1080,2400 #7f0a049d app:id/workspace}, com.android.launcher3.Hotseat{688dba7 V.ED..... ........ 0,1905-1080,2400 #7f0a01ee app:id/hotseat}]
03-10 17:05:22.902  1595  1595 V BaseDepthController: Applying blur: 0 to Surface(name=com.google.android.apps.nexuslauncher/com.google.android.apps.nexuslauncher.NexusLauncherActivity#923)/@0xc7ffcc1 applyImmediately: false
03-10 17:05:22.902  1595  1595 D BaseDepthController: shouldBlurWorkspace: false targetState: Normal currentStableState: Normal mCurrentBlur: 0 mLauncher.getDepthBlurTargets(): [com.android.launcher3.Workspace{fc79c66 V.ED..... ........ 0,0-1080,2400 #7f0a049d app:id/workspace}, com.android.launcher3.Hotseat{688dba7 V.ED..... ........ 0,1905-1080,2400 #7f0a01ee app:id/hotseat}]
03-10 17:05:22.918  1595  1595 V BaseDepthController: Applying blur: 0 to Surface(name=com.google.android.apps.nexuslauncher/com.google.android.apps.nexuslauncher.NexusLauncherActivity#923)/@0xc7ffcc1 applyImmediately: false
03-10 17:05:22.918  1595  1595 D BaseDepthController: shouldBlurWorkspace: false targetState: Normal currentStableState: Normal mCurrentBlur: 0 mLauncher.getDepthBlurTargets(): [com.android.launcher3.Workspace{fc79c66 V.ED..... ........ 0,0-1080,2400 #7f0a049d app:id/workspace}, com.android.launcher3.Hotseat{688dba7 V.ED..... ........ 0,1905-1080,2400 #7f0a01ee app:id/hotseat}]
03-10 17:05:22.935  1595  1595 V BaseDepthController: Applying blur: 0 to Surface(name=com.google.android.apps.nexuslauncher/com.google.android.apps.nexuslauncher.NexusLauncherActivity#923)/@0xc7ffcc1 applyImmediately: false
03-10 17:05:22.935  1595  1595 D BaseDepthController: shouldBlurWorkspace: false targetState: Normal currentStableState: Normal mCurrentBlur: 0 mLauncher.getDepthBlurTargets(): [com.android.launcher3.Workspace{fc79c66 V.ED..... ........ 0,0-1080,2400 #7f0a049d app:id/workspace}, com.android.launcher3.Hotseat{688dba7 V.ED..... ........ 0,1905-1080,2400 #7f0a01ee app:id/hotseat}]
03-10 17:05:22.952  1595  1595 V BaseDepthController: Applying blur: 0 to Surface(name=com.google.android.apps.nexuslauncher/com.google.android.apps.nexuslauncher.NexusLauncherActivity#923)/@0xc7ffcc1 applyImmediately: false
03-10 17:05:22.952  1595  1595 D BaseDepthController: shouldBlurWorkspace: false targetState: Normal currentStableState: Normal mCurrentBlur: 0 mLauncher.getDepthBlurTargets(): [com.android.launcher3.Workspace{fc79c66 V.ED..... ........ 0,0-1080,2400 #7f0a049d app:id/workspace}, com.android.launcher3.Hotseat{688dba7 V.ED..... ........ 0,1905-1080,2400 #7f0a01ee app:id/hotseat}]
03-10 17:05:22.969  1595  1595 V BaseDepthController: Applying blur: 0 to Surface(name=com.google.android.apps.nexuslauncher/com.google.android.apps.nexuslauncher.NexusLauncherActivity#923)/@0xc7ffcc1 applyImmediately: false
03-10 17:05:22.969  1595  1595 D BaseDepthController: shouldBlurWorkspace: false targetState: Normal currentStableState: Normal mCurrentBlur: 0 mLauncher.getDepthBlurTargets(): [com.android.launcher3.Workspace{fc79c66 V.ED..... ........ 0,0-1080,2400 #7f0a049d app:id/workspace}, com.android.launcher3.Hotseat{688dba7 V.ED..... ........ 0,1905-1080,2400 #7f0a01ee app:id/hotseat}]
03-10 17:05:22.985  1595  1595 V BaseDepthController: Applying blur: 0 to Surface(name=com.google.android.apps.nexuslauncher/com.google.android.apps.nexuslauncher.NexusLauncherActivity#923)/@0xc7ffcc1 applyImmediately: false
03-10 17:05:22.985  1595  1595 D BaseDepthController: shouldBlurWorkspace: false targetState: Normal currentStableState: Normal mCurrentBlur: 0 mLauncher.getDepthBlurTargets(): [com.android.launcher3.Workspace{fc79c66 V.ED..... ........ 0,0-1080,2400 #7f0a049d app:id/workspace}, com.android.launcher3.Hotseat{688dba7 V.ED..... ........ 0,1905-1080,2400 #7f0a01ee app:id/hotseat}]
03-10 17:05:23.002  1595  1595 V BaseDepthController: Applying blur: 0 to Surface(name=com.google.android.apps.nexuslauncher/com.google.android.apps.nexuslauncher.NexusLauncherActivity#923)/@0xc7ffcc1 applyImmediately: false
03-10 17:05:23.003  1595  1595 D BaseDepthController: shouldBlurWorkspace: false targetState: Normal currentStableState: Normal mCurrentBlur: 0 mLauncher.getDepthBlurTargets(): [com.android.launcher3.Workspace{fc79c66 V.ED..... ........ 0,0-1080,2400 #7f0a049d app:id/workspace}, com.android.launcher3.Hotseat{688dba7 V.ED..... ........ 0,1905-1080,2400 #7f0a01ee app:id/hotseat}]
03-10 17:05:23.018  1595  1595 V BaseDepthController: Applying blur: 0 to Surface(name=com.google.android.apps.nexuslauncher/com.google.android.apps.nexuslauncher.NexusLauncherActivity#923)/@0xc7ffcc1 applyImmediately: false
03-10 17:05:23.018  1595  1595 D BaseDepthController: shouldBlurWorkspace: false targetState: Normal currentStableState: Normal mCurrentBlur: 0 mLauncher.getDepthBlurTargets(): [com.android.launcher3.Workspace{fc79c66 V.ED..... ........ 0,0-1080,2400 #7f0a049d app:id/workspace}, com.android.launcher3.Hotseat{688dba7 V.ED..... ........ 0,1905-1080,2400 #7f0a01ee app:id/hotseat}]
03-10 17:05:23.034  1595  1595 V BaseDepthController: Applying blur: 0 to Surface(name=com.google.android.apps.nexuslauncher/com.google.android.apps.nexuslauncher.NexusLauncherActivity#923)/@0xc7ffcc1 applyImmediately: false
03-10 17:05:23.035  1595  1595 D BaseDepthController: shouldBlurWorkspace: false targetState: Normal currentStableState: Normal mCurrentBlur: 0 mLauncher.getDepthBlurTargets(): [com.android.launcher3.Workspace{fc79c66 V.ED..... ........ 0,0-1080,2400 #7f0a049d app:id/workspace}, com.android.launcher3.Hotseat{688dba7 V.ED..... ........ 0,1905-1080,2400 #7f0a01ee app:id/hotseat}]
03-10 17:05:23.069  1595  1595 V BaseDepthController: Applying blur: 0 to Surface(name=com.google.android.apps.nexuslauncher/com.google.android.apps.nexuslauncher.NexusLauncherActivity#923)/@0xc7ffcc1 applyImmediately: false
03-10 17:05:23.069  1595  1595 D BaseDepthController: shouldBlurWorkspace: false targetState: Normal currentStableState: Normal mCurrentBlur: 0 mLauncher.getDepthBlurTargets(): [com.android.launcher3.Workspace{fc79c66 V.ED..... ........ 0,0-1080,2400 #7f0a049d app:id/workspace}, com.android.launcher3.Hotseat{688dba7 V.ED..... ........ 0,1905-1080,2400 #7f0a01ee app:id/hotseat}]
03-10 17:05:23.087  1595  1595 V BaseDepthController: Applying blur: 0 to Surface(name=com.google.android.apps.nexuslauncher/com.google.android.apps.nexuslauncher.NexusLauncherActivity#923)/@0xc7ffcc1 applyImmediately: false
03-10 17:05:23.087  1595  1595 D BaseDepthController: shouldBlurWorkspace: false targetState: Normal currentStableState: Normal mCurrentBlur: 0 mLauncher.getDepthBlurTargets(): [com.android.launcher3.Workspace{fc79c66 V.ED..... ........ 0,0-1080,2400 #7f0a049d app:id/workspace}, com.android.launcher3.Hotseat{688dba7 V.ED..... ........ 0,1905-1080,2400 #7f0a01ee app:id/hotseat}]
03-10 17:05:23.121  1595  1595 V BaseDepthController: Applying blur: 0 to Surface(name=com.google.android.apps.nexuslauncher/com.google.android.apps.nexuslauncher.NexusLauncherActivity#923)/@0xc7ffcc1 applyImmediately: false
03-10 17:05:23.121  1595  1595 D BaseDepthController: shouldBlurWorkspace: false targetState: Normal currentStableState: Normal mCurrentBlur: 0 mLauncher.getDepthBlurTargets(): [com.android.launcher3.Workspace{fc79c66 V.ED..... ........ 0,0-1080,2400 #7f0a049d app:id/workspace}, com.android.launcher3.Hotseat{688dba7 V.ED..... ........ 0,1905-1080,2400 #7f0a01ee app:id/hotseat}]
03-10 17:05:23.152  1595  1595 V BaseDepthController: Applying blur: 0 to Surface(name=com.google.android.apps.nexuslauncher/com.google.android.apps.nexuslauncher.NexusLauncherActivity#923)/@0xc7ffcc1 applyImmediately: false
03-10 17:05:23.152  1595  1595 D BaseDepthController: shouldBlurWorkspace: false targetState: Normal currentStableState: Normal mCurrentBlur: 0 mLauncher.getDepthBlurTargets(): [com.android.launcher3.Workspace{fc79c66 V.ED..... ........ 0,0-1080,2400 #7f0a049d app:id/workspace}, com.android.launcher3.Hotseat{688dba7 V.ED..... ........ 0,1905-1080,2400 #7f0a01ee app:id/hotseat}]
03-10 17:05:23.201  1595  1595 V BaseDepthController: Applying blur: 0 to Surface(name=com.google.android.apps.nexuslauncher/com.google.android.apps.nexuslauncher.NexusLauncherActivity#923)/@0xc7ffcc1 applyImmediately: false
03-10 17:05:23.201  1595  1595 D BaseDepthController: shouldBlurWorkspace: false targetState: Normal currentStableState: Normal mCurrentBlur: 0 mLauncher.getDepthBlurTargets(): [com.android.launcher3.Workspace{fc79c66 V.ED..... ........ 0,0-1080,2400 #7f0a049d app:id/workspace}, com.android.launcher3.Hotseat{688dba7 V.ED..... ........ 0,1905-1080,2400 #7f0a01ee app:id/hotseat}]
03-10 17:05:23.269  1595  1595 V BaseDepthController: Applying blur: 0 to Surface(name=com.google.android.apps.nexuslauncher/com.google.android.apps.nexuslauncher.NexusLauncherActivity#923)/@0xc7ffcc1 applyImmediately: false
03-10 17:05:23.269  1595  1595 D BaseDepthController: setEarlyWakeup: false
03-10 17:05:23.269  1595  1595 D BaseDepthController: shouldBlurWorkspace: false targetState: Normal currentStableState: Normal mCurrentBlur: 0 mLauncher.getDepthBlurTargets(): [com.android.launcher3.Workspace{fc79c66 V.ED..... ........ 0,0-1080,2400 #7f0a049d app:id/workspace}, com.android.launcher3.Hotseat{688dba7 V.ED..... ........ 0,1905-1080,2400 #7f0a01ee app:id/hotseat}]
